Archive member included to satisfy reference by file (symbol)

/usr/lib/gcc/avr/7.3.0/avr5/libgcc.a(_mulsi3.o)
                              binaries/mkbufpool.o (__mulsi3)
/usr/lib/gcc/avr/7.3.0/avr5/libgcc.a(_udivmodhi4.o)
                              binaries/xsh_basic.o (__udivmodhi4)
/usr/lib/gcc/avr/7.3.0/avr5/libgcc.a(_divmodhi4.o)
                              binaries/xsh_basic.o (__divmodhi4)
/usr/lib/gcc/avr/7.3.0/avr5/libgcc.a(_divmodsi4.o)
                              binaries/create.o (__divmodsi4)
/usr/lib/gcc/avr/7.3.0/avr5/libgcc.a(_negsi2.o)
                              /usr/lib/gcc/avr/7.3.0/avr5/libgcc.a(_divmodsi4.o) (__negsi2)
/usr/lib/gcc/avr/7.3.0/avr5/libgcc.a(_tablejump2.o)
                              binaries/ttycontrol.o (__tablejump2__)
/usr/lib/gcc/avr/7.3.0/avr5/libgcc.a(_copy_data.o)
                              binaries/avr_serial.o (__do_copy_data)
/usr/lib/gcc/avr/7.3.0/avr5/libgcc.a(_clear_bss.o)
                              binaries/avr_serial.o (__do_clear_bss)
/usr/lib/gcc/avr/7.3.0/avr5/libgcc.a(_muluhisi3.o)
                              binaries/sleep.o (__muluhisi3)
/usr/lib/gcc/avr/7.3.0/avr5/libgcc.a(_prologue.o)
                              binaries/blink_avr.o (__prologue_saves__)
/usr/lib/gcc/avr/7.3.0/avr5/libgcc.a(_epilogue.o)
                              binaries/blink_avr.o (__epilogue_restores__)
/usr/lib/gcc/avr/7.3.0/avr5/libgcc.a(_udivmodsi4.o)
                              /usr/lib/gcc/avr/7.3.0/avr5/libgcc.a(_divmodsi4.o) (__udivmodsi4)
/usr/lib/gcc/avr/7.3.0/avr5/libgcc.a(_umulhisi3.o)
                              /usr/lib/gcc/avr/7.3.0/avr5/libgcc.a(_muluhisi3.o) (__umulhisi3)
/usr/lib/gcc/avr/7.3.0/../../../avr/lib/avr5/libc.a(rand.o)
                              binaries/xsh_basic.o (rand)
/usr/lib/gcc/avr/7.3.0/../../../avr/lib/avr5/libc.a(strtoul.o)
                              binaries/xsh_rd.o (strtoul)
/usr/lib/gcc/avr/7.3.0/../../../avr/lib/avr5/libc.a(atoi.o)
                              binaries/date.o (atoi)
/usr/lib/gcc/avr/7.3.0/../../../avr/lib/avr5/libc.a(isspace.o)
                              /usr/lib/gcc/avr/7.3.0/../../../avr/lib/avr5/libc.a(strtoul.o) (isspace)
/usr/lib/gcc/avr/7.3.0/../../../avr/lib/avr5/libc.a(strlen_P.o)
                              binaries/avr_printf.o (__strlen_P)
/usr/lib/gcc/avr/7.3.0/../../../avr/lib/avr5/libc.a(strncmp_P.o)
                              binaries/main.o (strncmp_P)
/usr/lib/gcc/avr/7.3.0/../../../avr/lib/avr5/libc.a(strncpy_P.o)
                              binaries/naminit.o (strncpy_P)
/usr/lib/gcc/avr/7.3.0/../../../avr/lib/avr5/libc.a(memset.o)
                              binaries/kprintf.o (memset)
/usr/lib/gcc/avr/7.3.0/../../../avr/lib/avr5/libc.a(strncmp.o)
                              binaries/getdev.o (strncmp)
/usr/lib/gcc/avr/7.3.0/../../../avr/lib/avr5/libc.a(mul10.o)
                              /usr/lib/gcc/avr/7.3.0/../../../avr/lib/avr5/libc.a(atoi.o) (__mulhi_const_10)
/usr/lib/gcc/avr/7.3.0/../../../avr/lib/avr5/libc.a(fgetc.o)
                              binaries/getchar.o (fgetc)
/usr/lib/gcc/avr/7.3.0/../../../avr/lib/avr5/libc.a(vsnprintf.o)
                              binaries/kprintf.o (vsnprintf)
/usr/lib/gcc/avr/7.3.0/../../../avr/lib/avr5/libc.a(asctime_r.o)
                              binaries/date.o (asctime_r)
/usr/lib/gcc/avr/7.3.0/../../../avr/lib/avr5/libc.a(localtime_r.o)
                              binaries/date.o (localtime_r)
/usr/lib/gcc/avr/7.3.0/../../../avr/lib/avr5/libc.a(mktime.o)
                              binaries/date.o (mktime)
/usr/lib/gcc/avr/7.3.0/../../../avr/lib/avr5/libc.a(print_lz.o)
                              /usr/lib/gcc/avr/7.3.0/../../../avr/lib/avr5/libc.a(asctime_r.o) (__print_lz)
/usr/lib/gcc/avr/7.3.0/../../../avr/lib/avr5/libc.a(utc_offset.o)
                              /usr/lib/gcc/avr/7.3.0/../../../avr/lib/avr5/libc.a(localtime_r.o) (__utc_offset)
/usr/lib/gcc/avr/7.3.0/../../../avr/lib/avr5/libc.a(vfprintf_std.o)
                              /usr/lib/gcc/avr/7.3.0/../../../avr/lib/avr5/libc.a(vsnprintf.o) (vfprintf)
/usr/lib/gcc/avr/7.3.0/../../../avr/lib/avr5/libc.a(errno.o)
                              /usr/lib/gcc/avr/7.3.0/../../../avr/lib/avr5/libc.a(strtoul.o) (errno)
/usr/lib/gcc/avr/7.3.0/../../../avr/lib/avr5/libc.a(cty_isfalse.o)
                              /usr/lib/gcc/avr/7.3.0/../../../avr/lib/avr5/libc.a(isspace.o) (__ctype_isfalse)
/usr/lib/gcc/avr/7.3.0/../../../avr/lib/avr5/libc.a(strnlen_P.o)
                              /usr/lib/gcc/avr/7.3.0/../../../avr/lib/avr5/libc.a(vfprintf_std.o) (strnlen_P)
/usr/lib/gcc/avr/7.3.0/../../../avr/lib/avr5/libc.a(strnlen.o)
                              /usr/lib/gcc/avr/7.3.0/../../../avr/lib/avr5/libc.a(vfprintf_std.o) (strnlen)
/usr/lib/gcc/avr/7.3.0/../../../avr/lib/avr5/libc.a(fputc.o)
                              /usr/lib/gcc/avr/7.3.0/../../../avr/lib/avr5/libc.a(vfprintf_std.o) (fputc)
[...]
Memory Configuration

Name             Origin             Length             Attributes
text             0x0000000000000000 0x0000000000008000 xr
data             0x0000000000800100 0x0000000000000800 rw !x
eeprom           0x0000000000810000 0x0000000000000400 rw !x
fuse             0x0000000000820000 0x0000000000000003 rw !x
lock             0x0000000000830000 0x0000000000000400 rw !x
signature        0x0000000000840000 0x0000000000000400 rw !x
user_signatures  0x0000000000850000 0x0000000000000400 rw !x
*default*        0x0000000000000000 0xffffffffffffffff

Linker script and memory map

Address of section .data set to 0x800100
LOAD /usr/lib/gcc/avr/7.3.0/../../../avr/lib/avr5/crtatmega328p.o
LOAD /usr/lib/gcc/avr/7.3.0/../../../avr/lib/avr5/libm.a
LOAD binaries/start.o
LOAD binaries/avr_serial.o
LOAD binaries/blink_avr.o
LOAD binaries/bufinit.o
LOAD binaries/chprio.o
LOAD binaries/clkhandler.o
LOAD binaries/clkinit.o
LOAD binaries/close.o
LOAD binaries/conf.o
LOAD binaries/control.o
LOAD binaries/create.o
LOAD binaries/evec.o
LOAD binaries/exit.o
LOAD binaries/freebuf.o
LOAD binaries/freemem.o
LOAD binaries/getbuf.o
LOAD binaries/getc.o
LOAD binaries/getdev.o
LOAD binaries/getitem.o
LOAD binaries/getmem.o
LOAD binaries/getpid.o
LOAD binaries/getprio.o
LOAD binaries/getstk.o
LOAD binaries/getticks.o
LOAD binaries/gettime.o
LOAD binaries/init.o
LOAD binaries/initialize.o
LOAD binaries/insert.o
LOAD binaries/insertd.o
LOAD binaries/intr.o
LOAD binaries/ioerr.o
LOAD binaries/ionull.o
LOAD binaries/kill.o
LOAD binaries/kprintf.o
LOAD binaries/mark.o
LOAD binaries/meminit.o
LOAD binaries/mkbufpool.o
LOAD binaries/newqueue.o
LOAD binaries/open.o
LOAD binaries/panic.o
LOAD binaries/platinit.o
LOAD binaries/putc.o
LOAD binaries/queue.o
LOAD binaries/read.o
LOAD binaries/ready.o
LOAD binaries/receive.o
LOAD binaries/recvclr.o
LOAD binaries/recvtime.o
LOAD binaries/resched.o
LOAD binaries/resume.o
LOAD binaries/seek.o
LOAD binaries/semcount.o
LOAD binaries/semcreate.o
LOAD binaries/semdelete.o
LOAD binaries/semreset.o
LOAD binaries/send.o
LOAD binaries/signal.o
LOAD binaries/signaln.o
LOAD binaries/sleep.o
LOAD binaries/suspend.o
LOAD binaries/unsleep.o
LOAD binaries/userret.o
LOAD binaries/wait.o
LOAD binaries/wakeup.o
LOAD binaries/write.o
LOAD binaries/xdone.o
LOAD binaries/yield.o
LOAD binaries/abs.o
LOAD binaries/avr_gpio.o
LOAD binaries/avr_messages.o
LOAD binaries/avr_printf.o
LOAD binaries/bzero.o
LOAD binaries/change_proc_name.o
LOAD binaries/ctype_.o
LOAD binaries/date.o
LOAD binaries/fprintf.o
LOAD binaries/getchar.o
LOAD binaries/printf.o
LOAD binaries/putchar.o
LOAD binaries/userland.o
LOAD binaries/mount.o
LOAD binaries/naminit.o
LOAD binaries/nammap.o
LOAD binaries/namopen.o
LOAD binaries/ttycontrol.o
LOAD binaries/ttygetc.o
LOAD binaries/ttyhandle_in.o
LOAD binaries/ttyhandle_out.o
LOAD binaries/ttyhandler.o
LOAD binaries/ttyinit.o
LOAD binaries/ttykickout.o
LOAD binaries/ttyputc.o
LOAD binaries/ttyread.o
LOAD binaries/ttywrite.o
LOAD binaries/addargs.o
LOAD binaries/lexan.o
LOAD binaries/main.o
LOAD binaries/xsh_basic.o
LOAD binaries/xsh_cal.o
LOAD binaries/xsh_clear.o
LOAD binaries/xsh_date.o
LOAD binaries/xsh_echo.o
LOAD binaries/xsh_editor.o
LOAD binaries/xsh_forever.o
LOAD binaries/xsh_free.o
LOAD binaries/xsh_gpio.o
LOAD binaries/xsh_kill.o
LOAD binaries/xsh_memdump.o
LOAD binaries/xsh_ps.o
LOAD binaries/xsh_rd.o
LOAD binaries/xsh_reboot.o
LOAD binaries/xsh_sleep.o
LOAD binaries/xsh_uptime.o
LOAD binaries/xsh_wr.o
LOAD binaries/ctxsw.o
START GROUP
LOAD /usr/lib/gcc/avr/7.3.0/avr5/libgcc.a
LOAD /usr/lib/gcc/avr/7.3.0/../../../avr/lib/avr5/libm.a
LOAD /usr/lib/gcc/avr/7.3.0/../../../avr/lib/avr5/libc.a
LOAD /usr/lib/gcc/avr/7.3.0/../../../avr/lib/avr5/libatmega328p.a
END GROUP
                0x0000000000000000                __TEXT_REGION_ORIGIN__ = DEFINED (__TEXT_REGION_ORIGIN__)?__TEXT_REGION_ORIGIN__:0x0
                [0x0000000000800100]                __DATA_REGION_ORIGIN__ = DEFINED (__DATA_REGION_ORIGIN__)?__DATA_REGION_ORIGIN__:0x800060
                [0x0000000000008000]                __TEXT_REGION_LENGTH__ = DEFINED (__TEXT_REGION_LENGTH__)?__TEXT_REGION_LENGTH__:0x20000
                [0x0000000000000800]                __DATA_REGION_LENGTH__ = DEFINED (__DATA_REGION_LENGTH__)?__DATA_REGION_LENGTH__:0xffa0
                [0x0000000000000400]                __EEPROM_REGION_LENGTH__ = DEFINED (__EEPROM_REGION_LENGTH__)?__EEPROM_REGION_LENGTH__:0x10000
                [0x0000000000000003]                __FUSE_REGION_LENGTH__ = DEFINED (__FUSE_REGION_LENGTH__)?__FUSE_REGION_LENGTH__:0x400
                0x0000000000000400                __LOCK_REGION_LENGTH__ = DEFINED (__LOCK_REGION_LENGTH__)?__LOCK_REGION_LENGTH__:0x400
                0x0000000000000400                __SIGNATURE_REGION_LENGTH__ = DEFINED (__SIGNATURE_REGION_LENGTH__)?__SIGNATURE_REGION_LENGTH__:0x400
                0x0000000000000400                __USER_SIGNATURE_REGION_LENGTH__ = DEFINED (__USER_SIGNATURE_REGION_LENGTH__)?__USER_SIGNATURE_REGION_LENGTH__:0x400

.hash
 *(.hash)

.dynsym
 *(.dynsym)

.dynstr
 *(.dynstr)

.gnu.version
 *(.gnu.version)

.gnu.version_d
 *(.gnu.version_d)

.gnu.version_r
 *(.gnu.version_r)

.rel.init
 *(.rel.init)

.rela.init
 *(.rela.init)

.rel.text
 *(.rel.text)
 *(.rel.text.*)
 *(.rel.gnu.linkonce.t*)

.rela.text
 *(.rela.text)
 *(.rela.text.*)
 *(.rela.gnu.linkonce.t*)

.rel.fini
 *(.rel.fini)

.rela.fini
 *(.rela.fini)

.rel.rodata
 *(.rel.rodata)
 *(.rel.rodata.*)
 *(.rel.gnu.linkonce.r*)

.rela.rodata
 *(.rela.rodata)
 *(.rela.rodata.*)
 *(.rela.gnu.linkonce.r*)

.rel.data
 *(.rel.data)
 *(.rel.data.*)
 *(.rel.gnu.linkonce.d*)

.rela.data
 *(.rela.data)
 *(.rela.data.*)
 *(.rela.gnu.linkonce.d*)

.rel.ctors
 *(.rel.ctors)

.rela.ctors
 *(.rela.ctors)

.rel.dtors
 *(.rel.dtors)

.rela.dtors
 *(.rela.dtors)

.rel.got
 *(.rel.got)

.rela.got
 *(.rela.got)

.rel.bss
 *(.rel.bss)

.rela.bss
 *(.rela.bss)

.rel.plt
 *(.rel.plt)

.rela.plt
 *(.rela.plt)

.text           0x0000000000000000     0x6f86
 *(.vectors)
 .vectors       0x0000000000000000       0x68 /usr/lib/gcc/avr/7.3.0/../../../avr/lib/avr5/crtatmega328p.o
                0x0000000000000000                __vectors
                0x0000000000000000                __vector_default
 .vectors       0x0000000000000068       0x68 binaries/start.o
 *(.vectors)
 *(.progmem.gcc*)
                0x00000000000000d0                . = ALIGN (0x2)
                0x00000000000000d0                __trampolines_start = .
 *(.trampolines)
 .trampolines   0x00000000000000d0        0x0 linker stubs
 *(.trampolines*)
                0x00000000000000d0                __trampolines_end = .
 *libprintf_flt.a:*(.progmem.data)
 *libc.a:*(.progmem.data)
 *(.progmem*)
 .progmem.data.devtab
                0x00000000000000d0       0x7b binaries/conf.o
                0x00000000000000d0                devtab
 .progmem.data.m13
                0x000000000000014b       0x15 binaries/avr_messages.o
                0x000000000000014b                m13
 .progmem.data.m10
                0x0000000000000160       0x13 binaries/avr_messages.o
                0x0000000000000160                m10
 .progmem.data.m5
                0x0000000000000173       0x26 binaries/avr_messages.o
                0x0000000000000173                m5
 .progmem.data.m4
                0x0000000000000199       0x1e binaries/avr_messages.o
                0x0000000000000199                m4
 .progmem.data.m3
                0x00000000000001b7       0x2a binaries/avr_messages.o
                0x00000000000001b7                m3
 .progmem.data.sysinit_m0
                0x00000000000001e1       0x4b binaries/avr_messages.o
                0x00000000000001e1                sysinit_m0
 .progmem.data.shell_commands
                0x000000000000022c        0xf binaries/main.o
                0x000000000000022c                shell_commands
 .progmem.data.cmdtab_stk
                0x000000000000023b       0x24 binaries/main.o
                0x000000000000023b                cmdtab_stk
 .progmem.data.cmdtab
                0x000000000000025f       0x36 binaries/main.o
                0x000000000000025f                cmdtab
 .progmem.data.cmdtab_help
                0x0000000000000295       0x24 binaries/main.o
                0x0000000000000295                cmdtab_help
 .progmem.data.__compound_literal.35
                0x00000000000002b9       0x2c binaries/main.o
 .progmem.data.__compound_literal.34
                0x00000000000002e5       0x34 binaries/main.o
 .progmem.data.__compound_literal.33
                0x0000000000000319       0x16 binaries/main.o
 .progmem.data.__compound_literal.32
                0x000000000000032f       0x22 binaries/main.o
 .progmem.data.__compound_literal.31
                0x0000000000000351       0x33 binaries/main.o
 .progmem.data.__compound_literal.30
                0x0000000000000384       0x2f binaries/main.o
 .progmem.data.__compound_literal.29
                0x00000000000003b3       0x22 binaries/main.o
 .progmem.data.__compound_literal.28
                0x00000000000003d5       0x1c binaries/main.o
 .progmem.data.__compound_literal.27
                0x00000000000003f1       0x29 binaries/main.o
 .progmem.data.__compound_literal.26
                0x000000000000041a       0x29 binaries/main.o
 .progmem.data.__compound_literal.25
                0x0000000000000443       0x35 binaries/main.o
 .progmem.data.__compound_literal.24
                0x0000000000000478       0x33 binaries/main.o
 .progmem.data.__compound_literal.23
                0x00000000000004ab        0xc binaries/main.o
 .progmem.data.__compound_literal.22
                0x00000000000004b7       0x14 binaries/main.o
 .progmem.data.__compound_literal.21
                0x00000000000004cb        0xc binaries/main.o
 .progmem.data.__compound_literal.20
                0x00000000000004d7       0x1d binaries/main.o
 .progmem.data.__compound_literal.19
                0x00000000000004f4        0xe binaries/main.o
 .progmem.data.__compound_literal.18
                0x0000000000000502       0x1f binaries/main.o
 .progmem.data.cmdtab_cname
                0x0000000000000521       0x24 binaries/main.o
                0x0000000000000521                cmdtab_cname
 .progmem.data.__compound_literal.17
                0x0000000000000545        0x3 binaries/main.o
 .progmem.data.__compound_literal.16
                0x0000000000000548        0x3 binaries/main.o
 .progmem.data.__compound_literal.15
                0x000000000000054b        0x4 binaries/main.o
 .progmem.data.__compound_literal.14
                0x000000000000054f        0x5 binaries/main.o
 .progmem.data.__compound_literal.13
                0x0000000000000554        0x5 binaries/main.o
 .progmem.data.__compound_literal.12
                0x0000000000000559        0x5 binaries/main.o
 .progmem.data.__compound_literal.11
                0x000000000000055e        0x3 binaries/main.o
 .progmem.data.__compound_literal.10
                0x0000000000000561        0x6 binaries/main.o
 .progmem.data.__compound_literal.9
                0x0000000000000567        0x5 binaries/main.o
 .progmem.data.__compound_literal.8
                0x000000000000056c        0x5 binaries/main.o
 .progmem.data.__compound_literal.7
                0x0000000000000571        0x7 binaries/main.o
 .progmem.data.__compound_literal.6
                0x0000000000000578        0x7 binaries/main.o
 .progmem.data.__compound_literal.5
                0x000000000000057f        0x8 binaries/main.o
 .progmem.data.__compound_literal.4
                0x0000000000000587        0x6 binaries/main.o
 .progmem.data.__compound_literal.3
                0x000000000000058d        0x5 binaries/main.o
 .progmem.data.__compound_literal.2
                0x0000000000000592        0x6 binaries/main.o
 .progmem.data.__compound_literal.1
                0x0000000000000598        0x7 binaries/main.o
 .progmem.data.__compound_literal.0
                0x000000000000059f        0x8 binaries/main.o
 .progmem.data.backspacemsg
                0x00000000000005a7        0x8 binaries/xsh_basic.o
 .progmem.data.unimplimentedmsg
                0x00000000000005af        0xe binaries/xsh_basic.o
 .progmem.data.avr_vars_msg
                0x00000000000005bd       0x16 binaries/xsh_basic.o
 .progmem.data.memorymsg
                0x00000000000005d3        0xd binaries/xsh_basic.o
 .progmem.data.initmsg
                0x00000000000005e0       0x2d binaries/xsh_basic.o
 .progmem.data.sorrymsg
                0x000000000000060d        0x7 binaries/xsh_basic.o
 .progmem.data.howmsg
                0x0000000000000614        0x5 binaries/xsh_basic.o
 .progmem.data.whatmsg
                0x0000000000000619        0x7 binaries/xsh_basic.o
 .progmem.data.okmsg
                0x0000000000000620        0x3 binaries/xsh_basic.o
 .progmem.data.relop_tab
                0x0000000000000623        0xc binaries/xsh_basic.o
 .progmem.data.step_tab
                0x000000000000062f        0x5 binaries/xsh_basic.o
 .progmem.data.to_tab
                0x0000000000000634        0x3 binaries/xsh_basic.o
 .progmem.data.func_tab
                0x0000000000000637       0x15 binaries/xsh_basic.o
 .progmem.data.keywords
                0x000000000000064c       0x6e binaries/xsh_basic.o
 .progmem.data.smon
                0x00000000000006ba       0x18 binaries/xsh_cal.o
                0x00000000000006ba                smon
 .progmem.data.__compound_literal.11
                0x00000000000006d2        0x4 binaries/xsh_cal.o
 .progmem.data.__compound_literal.10
                0x00000000000006d6        0x4 binaries/xsh_cal.o
 .progmem.data.__compound_literal.9
                0x00000000000006da        0x4 binaries/xsh_cal.o
 .progmem.data.__compound_literal.8
                0x00000000000006de        0x4 binaries/xsh_cal.o
 .progmem.data.__compound_literal.7
                0x00000000000006e2        0x4 binaries/xsh_cal.o
 .progmem.data.__compound_literal.6
                0x00000000000006e6        0x4 binaries/xsh_cal.o
 .progmem.data.__compound_literal.5
                0x00000000000006ea        0x4 binaries/xsh_cal.o
 .progmem.data.__compound_literal.4
                0x00000000000006ee        0x4 binaries/xsh_cal.o
 .progmem.data.__compound_literal.3
                0x00000000000006f2        0x4 binaries/xsh_cal.o
 .progmem.data.__compound_literal.2
                0x00000000000006f6        0x4 binaries/xsh_cal.o
 .progmem.data.__compound_literal.1
                0x00000000000006fa        0x4 binaries/xsh_cal.o
 .progmem.data.__compound_literal.0
                0x00000000000006fe        0x4 binaries/xsh_cal.o
 .progmem.data.dayw
                0x0000000000000702       0x15 binaries/xsh_cal.o
                0x0000000000000702                dayw
 .progmem.data.editor_banner1
                0x0000000000000717       0x26 binaries/xsh_editor.o
                0x0000000000000717                editor_banner1
 .progmem.data.editor_banner0
                0x000000000000073d       0x14 binaries/xsh_editor.o
                0x000000000000073d                editor_banner0
 .progmem.data.free_msg1
                0x0000000000000751       0x1d binaries/xsh_free.o
                0x0000000000000751                free_msg1
 .progmem.data.free_msg0
                0x000000000000076e       0x1c binaries/xsh_free.o
                0x000000000000076e                free_msg0
 .progmem.data.ps_msg1
                0x000000000000078a       0x30 binaries/xsh_ps.o
                0x000000000000078a                ps_msg1
 .progmem.data.ps_msg0
                0x00000000000007ba       0x1d binaries/xsh_ps.o
                0x00000000000007ba                ps_msg0
 .progmemx.data
                0x00000000000007d7       0x3b /usr/lib/gcc/avr/7.3.0/../../../avr/lib/avr5/libc.a(asctime_r.o)
                0x00000000000007d7                ascdays
                0x00000000000007ed                ascmonths
                0x0000000000000812                . = ALIGN (0x2)
 *(.jumptables)
 *(.jumptables*)
 *(.lowtext)
 *(.lowtext*)
                0x0000000000000812                __ctors_start = .
 *(.ctors)
                0x0000000000000812                __ctors_end = .
                0x0000000000000812                __dtors_start = .
 *(.dtors)
                0x0000000000000812                __dtors_end = .
 SORT(*)(.ctors)
 SORT(*)(.dtors)
 *(.init0)
 .init0         0x0000000000000812        0x0 /usr/lib/gcc/avr/7.3.0/../../../avr/lib/avr5/crtatmega328p.o
                0x0000000000000812                __init
 *(.init0)
 *(.init1)
 *(.init1)
 *(.init2)
 .init2         0x0000000000000812        0xc /usr/lib/gcc/avr/7.3.0/../../../avr/lib/avr5/crtatmega328p.o
 *(.init2)
 *(.init3)
 *(.init3)
 *(.init4)
 .init4         0x000000000000081e       0x16 /usr/lib/gcc/avr/7.3.0/avr5/libgcc.a(_copy_data.o)
                0x000000000000081e                __do_copy_data
 .init4         0x0000000000000834       0x10 /usr/lib/gcc/avr/7.3.0/avr5/libgcc.a(_clear_bss.o)
                0x0000000000000834                __do_clear_bss
 *(.init4)
 *(.init5)
 *(.init5)
 *(.init6)
 *(.init6)
 *(.init7)
 *(.init7)
 *(.init8)
 .init8         0x0000000000000844        0x4 binaries/start.o
 *(.init8)
 *(.init9)
 .init9         0x0000000000000848        0x6 /usr/lib/gcc/avr/7.3.0/../../../avr/lib/avr5/crtatmega328p.o
 *(.init9)
 *(.text)
 .text          0x000000000000084e        0x2 /usr/lib/gcc/avr/7.3.0/../../../avr/lib/avr5/crtatmega328p.o
                0x000000000000084e                __vector_22
                0x000000000000084e                __vector_1
                0x000000000000084e                __vector_24
                0x000000000000084e                __vector_12
                0x000000000000084e                __bad_interrupt
                0x000000000000084e                __vector_6
                0x000000000000084e                __vector_3
                0x000000000000084e                __vector_23
                0x000000000000084e                __vector_25
                0x000000000000084e                __vector_11
                0x000000000000084e                __vector_13
                0x000000000000084e                __vector_17
                0x000000000000084e                __vector_19
                0x000000000000084e                __vector_7
                0x000000000000084e                __vector_5
                0x000000000000084e                __vector_4
                0x000000000000084e                __vector_9
                0x000000000000084e                __vector_2
                0x000000000000084e                __vector_21
                0x000000000000084e                __vector_15
                0x000000000000084e                __vector_8
                0x000000000000084e                __vector_10
                0x000000000000084e                __vector_16
                0x000000000000084e                __vector_20
 .text          0x0000000000000850       0xb0 binaries/ctxsw.o
                0x0000000000000850                ctxsw
 .text          0x0000000000000900       0xf0 /usr/lib/gcc/avr/7.3.0/../../../avr/lib/avr5/libc.a(asctime_r.o)
                0x0000000000000900                asctime_r
 .text          0x00000000000009f0       0x82 /usr/lib/gcc/avr/7.3.0/../../../avr/lib/avr5/libc.a(localtime_r.o)
                0x00000000000009f0                localtime_r
 .text          0x0000000000000a72       0xaa /usr/lib/gcc/avr/7.3.0/../../../avr/lib/avr5/libc.a(mktime.o)
                0x0000000000000a72                mktime
 .text          0x0000000000000b1c       0x24 /usr/lib/gcc/avr/7.3.0/../../../avr/lib/avr5/libc.a(print_lz.o)
                0x0000000000000b1c                __print_lz
 .text          0x0000000000000b40      0x188 /usr/lib/gcc/avr/7.3.0/../../../avr/lib/avr5/libc.a(gmtime_r.o)
                0x0000000000000b40                gmtime_r
 .text          0x0000000000000cc8      0x176 /usr/lib/gcc/avr/7.3.0/../../../avr/lib/avr5/libc.a(mk_gmtime.o)
                0x0000000000000cc8                mk_gmtime
 .text          0x0000000000000e3e       0x28 /usr/lib/gcc/avr/7.3.0/../../../avr/lib/avr5/libc.a(isLeap.o)
                0x0000000000000e3e                is_leap_year
                0x0000000000000e66                . = ALIGN (0x2)
 *(.text.*)
 .text.serial_init
                0x0000000000000e66       0x18 binaries/avr_serial.o
                0x0000000000000e66                serial_init
 .text.serial_put_char
                0x0000000000000e7e       0x12 binaries/avr_serial.o
                0x0000000000000e7e                serial_put_char
 .text.__vector_18
                0x0000000000000e90       0x5c binaries/avr_serial.o
                0x0000000000000e90                __vector_18
 .text.my_delay
                0x0000000000000eec       0x54 binaries/blink_avr.o
                0x0000000000000eec                my_delay
 .text.blink_avr
                0x0000000000000f40       0x1c binaries/blink_avr.o
                0x0000000000000f40                blink_avr
 .text.bufinit  0x0000000000000f5c       0x14 binaries/bufinit.o
                0x0000000000000f5c                bufinit
 .text.__vector_14
                0x0000000000000f70      0x132 binaries/clkhandler.o
                0x0000000000000f70                __vector_14
 .text.clkinit  0x00000000000010a2       0x5e binaries/clkinit.o
                0x00000000000010a2                clkinit
 .text.close    0x0000000000001100       0x5a binaries/close.o
                0x0000000000001100                close
 .text.control  0x000000000000115a       0xbc binaries/control.o
                0x000000000000115a                control
 .text.create   0x0000000000001216      0x27e binaries/create.o
                0x0000000000001216                create
 .text.initintc
                0x0000000000001494        0xa binaries/evec.o
                0x0000000000001494                initintc
 .text.exit     0x000000000000149e        0x4 binaries/exit.o
                0x000000000000149e                exit
 .text.freemem  0x00000000000014a2      0x1c4 binaries/freemem.o
                0x00000000000014a2                freemem
 .text.getc     0x0000000000001666       0x5a binaries/getc.o
                0x0000000000001666                getc
 .text.getfirst
                0x00000000000016c0       0x68 binaries/getitem.o
                0x00000000000016c0                getfirst
 .text.getitem  0x0000000000001728       0x3e binaries/getitem.o
                0x0000000000001728                getitem
 .text.getpid   0x0000000000001766       0x12 binaries/getpid.o
                0x0000000000001766                getpid
 .text.getstk   0x0000000000001778      0x106 binaries/getstk.o
                0x0000000000001778                getstk
 .text.init     0x000000000000187e       0x5a binaries/init.o
                0x000000000000187e                init
 .text.nulluser
                0x00000000000018d8      0x156 binaries/initialize.o
                0x00000000000018d8                nulluser
 .text.insert   0x0000000000001a2e       0xc4 binaries/insert.o
                0x0000000000001a2e                insert
 .text.insertd  0x0000000000001af2      0x134 binaries/insertd.o
                0x0000000000001af2                insertd
 .text.disable  0x0000000000001c26        0x6 binaries/intr.o
                0x0000000000001c26                disable
 .text.restore  0x0000000000001c2c        0x4 binaries/intr.o
                0x0000000000001c2c                restore
 .text.enable   0x0000000000001c30        0x4 binaries/intr.o
                0x0000000000001c30                enable
 .text.halt     0x0000000000001c34        0x2 binaries/intr.o
                0x0000000000001c34                halt
 .text.ioerr    0x0000000000001c36        0x4 binaries/ioerr.o
                0x0000000000001c36                ioerr
 .text.ionull   0x0000000000001c3a        0x4 binaries/ionull.o
                0x0000000000001c3a                ionull
 .text.kill     0x0000000000001c3e      0x1aa binaries/kill.o
                0x0000000000001c3e                kill
 .text.kputc    0x0000000000001de8       0x22 binaries/kprintf.o
                0x0000000000001de8                kputc
 .text.kprintf  0x0000000000001e0a       0x5e binaries/kprintf.o
                0x0000000000001e0a                kprintf
 .text.meminit  0x0000000000001e68       0x62 binaries/meminit.o
                0x0000000000001e68                meminit
 .text.newqueue
                0x0000000000001eca       0x64 binaries/newqueue.o
                0x0000000000001eca                newqueue
 .text.open     0x0000000000001f2e       0x72 binaries/open.o
                0x0000000000001f2e                open
 .text.platinit
                0x0000000000001fa0       0x10 binaries/platinit.o
                0x0000000000001fa0                platinit
 .text.putc     0x0000000000001fb0       0x5e binaries/putc.o
                0x0000000000001fb0                putc
 .text.enqueue  0x000000000000200e       0x90 binaries/queue.o
                0x000000000000200e                enqueue
 .text.dequeue  0x000000000000209e       0x50 binaries/queue.o
                0x000000000000209e                dequeue
 .text.read     0x00000000000020ee       0x84 binaries/read.o
                0x00000000000020ee                read
 .text.ready    0x0000000000002172       0x40 binaries/ready.o
                0x0000000000002172                ready
 .text.receive  0x00000000000021b2       0x7e binaries/receive.o
                0x00000000000021b2                receive
 .text.recvclr  0x0000000000002230       0x60 binaries/recvclr.o
                0x0000000000002230                recvclr
 .text.resched  0x0000000000002290      0x108 binaries/resched.o
                0x0000000000002290                resched
 .text.resched_cntl
                0x0000000000002398       0x9a binaries/resched.o
                0x0000000000002398                resched_cntl
 .text.resume   0x0000000000002432       0x68 binaries/resume.o
                0x0000000000002432                resume
 .text.semcount
                0x000000000000249a       0x36 binaries/semcount.o
                0x000000000000249a                semcount
 .text.semcreate
                0x00000000000024d0       0x94 binaries/semcreate.o
                0x00000000000024d0                semcreate
 .text.semreset
                0x0000000000002564       0xa2 binaries/semreset.o
                0x0000000000002564                semreset
 .text.send     0x0000000000002606       0x98 binaries/send.o
                0x0000000000002606                send
 .text.signal   0x000000000000269e       0x66 binaries/signal.o
                0x000000000000269e                signal
 .text.signaln  0x0000000000002704       0xaa binaries/signaln.o
                0x0000000000002704                signaln
 .text.sleepms  0x00000000000027ae       0x80 binaries/sleep.o
                0x00000000000027ae                sleepms
 .text.sleep    0x000000000000282e       0x24 binaries/sleep.o
                0x000000000000282e                sleep
 .text.unsleep  0x0000000000002852       0x9e binaries/unsleep.o
                0x0000000000002852                unsleep
 .text.userret  0x00000000000028f0        0x6 binaries/userret.o
                0x00000000000028f0                userret
 .text.wait     0x00000000000028f6       0x92 binaries/wait.o
                0x00000000000028f6                wait
 .text.wakeup   0x0000000000002988       0x58 binaries/wakeup.o
                0x0000000000002988                wakeup
 .text.xdone    0x00000000000029e0        0x8 binaries/xdone.o
                0x00000000000029e0                xdone
 .text.yield    0x00000000000029e8       0x12 binaries/yield.o
                0x00000000000029e8                yield
 .text.gpio_write
                0x00000000000029fa        0xe binaries/avr_gpio.o
                0x00000000000029fa                gpio_write
 .text.gpio_read
                0x0000000000002a08        0xc binaries/avr_gpio.o
                0x0000000000002a08                gpio_read
 .text.gpio_arduino_write
                0x0000000000002a14       0x6a binaries/avr_gpio.o
                0x0000000000002a14                gpio_arduino_write
 .text.avr_kprintf
                0x0000000000002a7e       0x38 binaries/avr_printf.o
                0x0000000000002a7e                avr_kprintf
 .text.change_proc_name
                0x0000000000002ab6       0x50 binaries/change_proc_name.o
                0x0000000000002ab6                change_proc_name
 .text.get_date
                0x0000000000002b06       0x5e binaries/date.o
                0x0000000000002b06                get_date
 .text.set_date
                0x0000000000002b64       0xdc binaries/date.o
                0x0000000000002b64                set_date
 .text.fprintf  0x0000000000002c40       0x70 binaries/fprintf.o
                0x0000000000002c40                fprintf
 .text.printf   0x0000000000002cb0       0x9e binaries/printf.o
                0x0000000000002cb0                printf
 .text.namlen   0x0000000000002d4e       0x36 binaries/mount.o
                0x0000000000002d4e                namlen
 .text.mount    0x0000000000002d84      0x13c binaries/mount.o
                0x0000000000002d84                mount
 .text.naminit  0x0000000000002ec0      0x164 binaries/naminit.o
                0x0000000000002ec0                naminit
 .text.namrepl  0x0000000000003024      0x12c binaries/nammap.o
                0x0000000000003024                namrepl
 .text.namcpy   0x0000000000003150       0x42 binaries/nammap.o
                0x0000000000003150                namcpy
 .text.nammap   0x0000000000003192       0x82 binaries/nammap.o
                0x0000000000003192                nammap
 .text.namopen  0x0000000000003214       0x50 binaries/namopen.o
                0x0000000000003214                namopen
 .text.ttycontrol
                0x0000000000003264      0x100 binaries/ttycontrol.o
                0x0000000000003264                ttycontrol
 .text.ttygetc  0x0000000000003364       0x96 binaries/ttygetc.o
                0x0000000000003364                ttygetc
 .text.echoch.isra.2
                0x00000000000033fa       0x54 binaries/ttyhandle_in.o
 .text.ttyhandle_in
                0x000000000000344e      0x2d8 binaries/ttyhandle_in.o
                0x000000000000344e                ttyhandle_in
 .text.ttyhandle_out
                0x0000000000003726      0x106 binaries/ttyhandle_out.o
                0x0000000000003726                ttyhandle_out
 .text.ttyhandler
                0x000000000000382c       0x24 binaries/ttyhandler.o
                0x000000000000382c                ttyhandler
 .text.ttyinit  0x0000000000003850       0xd8 binaries/ttyinit.o
                0x0000000000003850                ttyinit
 .text.ttykickout
                0x0000000000003928       0x16 binaries/ttykickout.o
                0x0000000000003928                ttykickout
 .text.ttyputc  0x000000000000393e       0xc4 binaries/ttyputc.o
                0x000000000000393e                ttyputc
 .text.ttyread  0x0000000000003a02       0xe0 binaries/ttyread.o
                0x0000000000003a02                ttyread
 .text.ttywrite
                0x0000000000003ae2       0x44 binaries/ttywrite.o
                0x0000000000003ae2                ttywrite
 .text.addargs  0x0000000000003b26       0xf0 binaries/addargs.o
                0x0000000000003b26                addargs
 .text.lexan    0x0000000000003c16      0x1ac binaries/lexan.o
                0x0000000000003c16                lexan
 .text.xsh_help
                0x0000000000003dc2       0xb8 binaries/main.o
                0x0000000000003dc2                xsh_help
 .text.startup.main
                0x0000000000003e7a      0x818 binaries/main.o
                0x0000000000003e7a                main
 .text.ignore_blanks
                0x0000000000004692       0x20 binaries/xsh_basic.o
 .text.scantable
                0x00000000000046b2       0x70 binaries/xsh_basic.o
 .text.testnum  0x0000000000004722       0x52 binaries/xsh_basic.o
 .text.findline
                0x0000000000004774       0x34 binaries/xsh_basic.o
 .text.toUppercaseBuffer
                0x00000000000047a8       0x3e binaries/xsh_basic.o
 .text.expr4    0x00000000000047e6      0x166 binaries/xsh_basic.o
 .text.expr3    0x000000000000494c       0x6a binaries/xsh_basic.o
 .text.expr2    0x00000000000049b6       0x5e binaries/xsh_basic.o
 .text.expression
                0x0000000000004a14       0xa2 binaries/xsh_basic.o
 .text.outchar  0x0000000000004ab6       0x22 binaries/xsh_basic.o
                0x0000000000004ab6                outchar
 .text.printnum
                0x0000000000004ad8       0x6c binaries/xsh_basic.o
                0x0000000000004ad8                printnum
 .text.printmsgNoNL
                0x0000000000004b44       0x20 binaries/xsh_basic.o
                0x0000000000004b44                printmsgNoNL
 .text.line_terminator
                0x0000000000004b64        0x8 binaries/xsh_basic.o
 .text.printmsg
                0x0000000000004b6c        0x4 binaries/xsh_basic.o
                0x0000000000004b6c                printmsg
 .text.printline
                0x0000000000004b70       0x4c binaries/xsh_basic.o
                0x0000000000004b70                printline
 .text.getln    0x0000000000004bbc       0x9e binaries/xsh_basic.o
 .text.loop     0x0000000000004c5a      0x92c binaries/xsh_basic.o
                0x0000000000004c5a                loop
 .text.xsh_basic
                0x0000000000005586       0x56 binaries/xsh_basic.o
                0x0000000000005586                xsh_basic
 .text.number   0x00000000000055dc       0x44 binaries/xsh_cal.o
                0x00000000000055dc                number
 .text.jan1     0x0000000000005620       0x5e binaries/xsh_cal.o
                0x0000000000005620                jan1
 .text.print_spaces
                0x000000000000567e       0x34 binaries/xsh_cal.o
                0x000000000000567e                print_spaces
 .text.cal_p    0x00000000000056b2      0x160 binaries/xsh_cal.o
                0x00000000000056b2                cal_p
 .text.xsh_cal  0x0000000000005812      0x176 binaries/xsh_cal.o
                0x0000000000005812                xsh_cal
 .text.xsh_clear
                0x0000000000005988       0x34 binaries/xsh_clear.o
                0x0000000000005988                xsh_clear
 .text.xsh_date
                0x00000000000059bc       0x56 binaries/xsh_date.o
                0x00000000000059bc                xsh_date
 .text.xsh_echo
                0x0000000000005a12       0x94 binaries/xsh_echo.o
                0x0000000000005a12                xsh_echo
 .text.clear    0x0000000000005aa6       0x32 binaries/xsh_editor.o
 .text.editor_insert
                0x0000000000005ad8       0x9e binaries/xsh_editor.o
                0x0000000000005ad8                editor_insert
 .text.editor_del
                0x0000000000005b76       0xcc binaries/xsh_editor.o
                0x0000000000005b76                editor_del
 .text.printnl  0x0000000000005c42       0x12 binaries/xsh_editor.o
                0x0000000000005c42                printnl
 .text.xsh_editor
                0x0000000000005c54      0x24e binaries/xsh_editor.o
                0x0000000000005c54                xsh_editor
 .text.xsh_forever
                0x0000000000005ea2        0x2 binaries/xsh_forever.o
                0x0000000000005ea2                xsh_forever
 .text.xsh_free
                0x0000000000005ea4       0xd0 binaries/xsh_free.o
                0x0000000000005ea4                xsh_free
 .text.xsh_gpio
                0x0000000000005f74       0x5a binaries/xsh_gpio.o
                0x0000000000005f74                xsh_gpio
 .text.xsh_kill
                0x0000000000005fce       0x70 binaries/xsh_kill.o
                0x0000000000005fce                xsh_kill
 .text.xsh_memdump
                0x000000000000603e       0xf2 binaries/xsh_memdump.o
                0x000000000000603e                xsh_memdump
 .text.xsh_ps   0x0000000000006130      0x12c binaries/xsh_ps.o
                0x0000000000006130                xsh_ps
 .text.i2c_start
                0x000000000000625c       0x22 binaries/xsh_rd.o
 .text.uart_putc
                0x000000000000627e        0xe binaries/xsh_rd.o
 .text.xsh_rd   0x000000000000628c       0xfc binaries/xsh_rd.o
                0x000000000000628c                xsh_rd
 .text.xsh_reboot
                0x0000000000006388        0xa binaries/xsh_reboot.o
                0x0000000000006388                xsh_reboot
 .text.xsh_sleep
                0x0000000000006392       0x5a binaries/xsh_sleep.o
                0x0000000000006392                xsh_sleep
 .text.xsh_uptime
                0x00000000000063ec       0xc8 binaries/xsh_uptime.o
                0x00000000000063ec                xsh_uptime
 .text.xsh_wr   0x00000000000064b4       0xc6 binaries/xsh_wr.o
                0x00000000000064b4                xsh_wr
 .text.libgcc.mul
                0x000000000000657a       0x1e /usr/lib/gcc/avr/7.3.0/avr5/libgcc.a(_mulsi3.o)
                0x000000000000657a                __mulsi3
 .text.libgcc.div
                0x0000000000006598       0x28 /usr/lib/gcc/avr/7.3.0/avr5/libgcc.a(_udivmodhi4.o)
                0x0000000000006598                __udivmodhi4
 .text.libgcc.div
                0x00000000000065c0       0x26 /usr/lib/gcc/avr/7.3.0/avr5/libgcc.a(_divmodhi4.o)
                0x00000000000065c0                __divmodhi4
                0x00000000000065c0                _div
 .text.libgcc.div
                0x00000000000065e6       0x28 /usr/lib/gcc/avr/7.3.0/avr5/libgcc.a(_divmodsi4.o)
                0x00000000000065e6                __divmodsi4
 .text.libgcc.div
                0x000000000000660e       0x10 /usr/lib/gcc/avr/7.3.0/avr5/libgcc.a(_negsi2.o)
                0x000000000000660e                __negsi2
 .text.libgcc   0x000000000000661e        0xc /usr/lib/gcc/avr/7.3.0/avr5/libgcc.a(_tablejump2.o)
                0x000000000000661e                __tablejump2__
 .text.libgcc.mul
                0x000000000000662a       0x14 /usr/lib/gcc/avr/7.3.0/avr5/libgcc.a(_muluhisi3.o)
                0x000000000000662a                __muluhisi3
 .text.libgcc.prologue
                0x000000000000663e       0x38 /usr/lib/gcc/avr/7.3.0/avr5/libgcc.a(_prologue.o)
                0x000000000000663e                __prologue_saves__
 .text.libgcc.prologue
                0x0000000000006676       0x36 /usr/lib/gcc/avr/7.3.0/avr5/libgcc.a(_epilogue.o)
                0x0000000000006676                __epilogue_restores__
 .text.libgcc.div
                0x00000000000066ac       0x44 /usr/lib/gcc/avr/7.3.0/avr5/libgcc.a(_udivmodsi4.o)
                0x00000000000066ac                __udivmodsi4
 .text.libgcc.mul
                0x00000000000066f0       0x1e /usr/lib/gcc/avr/7.3.0/avr5/libgcc.a(_umulhisi3.o)
                0x00000000000066f0                __umulhisi3
 .text.avr-libc
                0x000000000000670e       0xaa /usr/lib/gcc/avr/7.3.0/../../../avr/lib/avr5/libc.a(rand.o)
                0x000000000000679a                rand_r
                0x000000000000679c                rand
                0x00000000000067a2                srand
 .text.avr-libc
                0x00000000000067b8      0x1cc /usr/lib/gcc/avr/7.3.0/../../../avr/lib/avr5/libc.a(strtoul.o)
                0x00000000000067b8                strtoul
 .text.avr-libc
                0x0000000000006984       0x3a /usr/lib/gcc/avr/7.3.0/../../../avr/lib/avr5/libc.a(atoi.o)
                0x0000000000006984                atoi
 .text.avr-libc
                0x00000000000069be       0x10 /usr/lib/gcc/avr/7.3.0/../../../avr/lib/avr5/libc.a(isspace.o)
                0x00000000000069be                isspace
 .text.avr-libc
                0x00000000000069ce       0x12 /usr/lib/gcc/avr/7.3.0/../../../avr/lib/avr5/libc.a(strlen_P.o)
                0x00000000000069ce                __strlen_P
 .text.avr-libc
                0x00000000000069e0       0x1c /usr/lib/gcc/avr/7.3.0/../../../avr/lib/avr5/libc.a(strncmp_P.o)
                0x00000000000069e0                strncmp_P
 .text.avr-libc
                0x00000000000069fc       0x1e /usr/lib/gcc/avr/7.3.0/../../../avr/lib/avr5/libc.a(strncpy_P.o)
                0x00000000000069fc                strncpy_P
 .text.avr-libc
                0x0000000000006a1a        0xe /usr/lib/gcc/avr/7.3.0/../../../avr/lib/avr5/libc.a(memset.o)
                0x0000000000006a1a                memset
 .text.avr-libc
                0x0000000000006a28       0x10 /usr/lib/gcc/avr/7.3.0/../../../avr/lib/avr5/libc.a(mul10.o)
                0x0000000000006a28                __mulhi_const_10
 .text.avr-libc
                0x0000000000006a38       0x52 /usr/lib/gcc/avr/7.3.0/../../../avr/lib/avr5/libc.a(vsnprintf.o)
                0x0000000000006a38                vsnprintf
 .text.avr-libc
                0x0000000000006a8a      0x396 /usr/lib/gcc/avr/7.3.0/../../../avr/lib/avr5/libc.a(vfprintf_std.o)
                0x0000000000006a8a                vfprintf
 .text.avr-libc
                0x0000000000006e20        0x6 /usr/lib/gcc/avr/7.3.0/../../../avr/lib/avr5/libc.a(cty_isfalse.o)
                0x0000000000006e20                __ctype_isfalse
                0x0000000000006e24                __ctype_istrue
 .text.avr-libc
                0x0000000000006e26       0x16 /usr/lib/gcc/avr/7.3.0/../../../avr/lib/avr5/libc.a(strnlen_P.o)
                0x0000000000006e26                strnlen_P
 .text.avr-libc
                0x0000000000006e3c       0x16 /usr/lib/gcc/avr/7.3.0/../../../avr/lib/avr5/libc.a(strnlen.o)
                0x0000000000006e3c                strnlen
 .text.avr-libc
                0x0000000000006e52       0x60 /usr/lib/gcc/avr/7.3.0/../../../avr/lib/avr5/libc.a(fputc.o)
                0x0000000000006e52                fputc
 .text.avr-libc
                0x0000000000006eb2       0xbc /usr/lib/gcc/avr/7.3.0/../../../avr/lib/avr5/libc.a(ultoa_invert.o)
                0x0000000000006eb2                __ultoa_invert
 .text.libgcc.mul
                0x0000000000006f6e        0xc /usr/lib/gcc/avr/7.3.0/avr5/libgcc.a(_usmulhisi3.o)
                0x0000000000006f6e                __usmulhisi3
                0x0000000000006f70                __usmulhisi3_tail
 .text.libgcc.mul
                0x0000000000006f7a        0xc /usr/lib/gcc/avr/7.3.0/avr5/libgcc.a(_mulshisi3.o)
                0x0000000000006f7a                __mulshisi3
                0x0000000000006f7e                __mulohisi3
                0x0000000000006f86                . = ALIGN (0x2)
 *(.fini9)
 *(.fini9)
 *(.fini8)
 *(.fini8)
 *(.fini7)
 *(.fini7)
 *(.fini6)
 *(.fini6)
 *(.fini5)
 *(.fini5)
 *(.fini4)
 *(.fini4)
 *(.fini3)
 *(.fini3)
 *(.fini2)
 *(.fini2)
 *(.fini1)
 *(.fini1)
 *(.fini0)
 *(.fini0)
                0x0000000000006f86                _etext = .

.data           0x0000000000800100      0x132 load address 0x0000000000006f86
                0x0000000000800100                PROVIDE (__data_start, .)
 *(.data)
 .data          0x0000000000800100        0x4 /usr/lib/gcc/avr/7.3.0/../../../avr/lib/avr5/libc.a(rand.o)
 *(.data*)
 .data.serial_port
                0x0000000000800104        0x2 binaries/avr_serial.o
                0x0000000000800104                serial_port
 .data.nextqid.2694
                0x0000000000800106        0x2 binaries/newqueue.o
 .data.ncmd     0x0000000000800108        0x4 binaries/main.o
                0x0000000000800108                ncmd
 .data.mon      0x000000000080010c        0xd binaries/xsh_cal.o
                0x000000000080010c                mon
 *(.gnu.linkonce.d*)
 *(.rodata)
 *(.rodata*)
 .rodata.nulluser.str1.1
                0x0000000000800119       0x2f binaries/initialize.o
 .rodata.naminit.str1.1
                0x0000000000800148        0xc binaries/naminit.o
                                          0xd (size before relaxing)
 .rodata.xsh_help.str1.1
                0x0000000000800154        0xb binaries/main.o
                                          0xe (size before relaxing)
 .rodata.main.str1.1
                0x000000000080015f       0x2b binaries/main.o
                                         0x2f (size before relaxing)
 .rodata.outchar.str1.1
                0x000000000080018a        0x3 binaries/xsh_basic.o
 .rodata.print_spaces.str1.1
                0x000000000080018d        0x3 binaries/xsh_cal.o
                                          0x2 (size before relaxing)
 .rodata.cal_p.str1.1
                0x000000000080018d        0x3 binaries/xsh_cal.o
                                          0x5 (size before relaxing)
 .rodata.xsh_cal.str1.1
                0x000000000080018d       0x1a binaries/xsh_cal.o
                                         0x1e (size before relaxing)
 .rodata.xsh_clear.str1.1
                0x00000000008001a7        0x9 binaries/xsh_clear.o
 .rodata.xsh_date.str1.1
                0x00000000008001b0        0x6 binaries/xsh_date.o
 .rodata.xsh_echo.str1.1
                0x00000000008001b6        0x4 binaries/xsh_echo.o
                                          0x9 (size before relaxing)
 .rodata.clear.str1.1
                0x00000000008001ba        0x9 binaries/xsh_editor.o
 .rodata.editor_insert.str1.1
                0x00000000008001ba        0x4 binaries/xsh_editor.o
                                          0x7 (size before relaxing)
 .rodata.editor_del.str1.1
                0x00000000008001be        0x2 binaries/xsh_editor.o
 .rodata.printnl.str1.1
                0x00000000008001be        0x3 binaries/xsh_editor.o
 .rodata.xsh_editor.str1.1
                0x00000000008001be       0x1a binaries/xsh_editor.o
                                         0x1f (size before relaxing)
 .rodata.xsh_free.str1.1
                0x00000000008001d8       0x15 binaries/xsh_free.o
                                         0x18 (size before relaxing)
 .rodata.xsh_memdump.str1.1
                0x00000000008001ed        0x9 binaries/xsh_memdump.o
                                         0x13 (size before relaxing)
 .rodata.xsh_ps.str1.1
                0x00000000008001f6        0xb binaries/xsh_ps.o
                                         0x10 (size before relaxing)
 .rodata.xsh_rd.str1.1
                0x0000000000800201       0x11 binaries/xsh_rd.o
 .rodata.xsh_uptime.str1.1
                0x0000000000800212       0x20 binaries/xsh_uptime.o
 *(.gnu.linkonce.r*)
                0x0000000000800232                . = ALIGN (0x2)
                0x0000000000800232                _edata = .
                0x0000000000800232                PROVIDE (__data_end, .)

.bss            0x0000000000800232      0x30c
                0x0000000000800232                PROVIDE (__bss_start, .)
 *(.bss)
 *(.bss*)
 .bss.nextpid.2720
                0x0000000000800232        0x4 binaries/create.o
 .bss.nextsem.2701
                0x0000000000800236        0x2 binaries/semcreate.o
 .bss.linenum   0x0000000000800238        0x2 binaries/xsh_basic.o
 .bss.table_index
                0x000000000080023a        0x1 binaries/xsh_basic.o
 .bss.sp        0x000000000080023b        0x2 binaries/xsh_basic.o
 .bss.current_line
                0x000000000080023d        0x2 binaries/xsh_basic.o
 .bss.variables_begin
                0x000000000080023f        0x2 binaries/xsh_basic.o
 .bss.program_end
                0x0000000000800241        0x2 binaries/xsh_basic.o
 .bss.program_start
                0x0000000000800243        0x2 binaries/xsh_basic.o
 .bss.stack_limit
                0x0000000000800245        0x2 binaries/xsh_basic.o
 .bss.expression_error
                0x0000000000800247        0x1 binaries/xsh_basic.o
 .bss.tmptxtpos
                0x0000000000800248        0x2 binaries/xsh_basic.o
 .bss.list_line
                0x000000000080024a        0x2 binaries/xsh_basic.o
 .bss.txtpos    0x000000000080024c        0x2 binaries/xsh_basic.o
 *(COMMON)
 COMMON         0x000000000080024e        0x1 binaries/avr_serial.o
                0x000000000080024e                value
 COMMON         0x000000000080024f       0x2c binaries/bufinit.o
                0x000000000080024f                buftab
                0x0000000000800277                nbpools
 COMMON         0x000000000080027b        0xe binaries/clkinit.o
                0x000000000080027b                sleepq
                0x000000000080027d                preempt
                0x0000000000800281                count1000
                0x0000000000800285                clktime
 COMMON         0x0000000000800289      0x196 binaries/initialize.o
                0x0000000000800289                currpid
                0x000000000080028d                proctab
                0x00000000008003f9                prcount
                0x00000000008003fd                semtab
                0x0000000000800419                memlist
 COMMON         0x000000000080041f        0x4 binaries/meminit.o
                0x000000000080041f                minheap
                0x0000000000800421                maxheap
 COMMON         0x0000000000800423       0x60 binaries/queue.o
                0x0000000000800423                queuetab
 COMMON         0x0000000000800483        0x2 binaries/ready.o
                0x0000000000800483                readylist
 COMMON         0x0000000000800485        0x5 binaries/resched.o
                0x0000000000800485                Defer
 COMMON         0x000000000080048a        0x4 binaries/date.o
                0x000000000080048a                seconds
 COMMON         0x000000000080048e       0x58 binaries/naminit.o
                0x000000000080048e                nnames
                0x0000000000800492                nametab
 COMMON         0x00000000008004e6       0x50 binaries/ttyinit.o
                0x00000000008004e6                ttytab
 COMMON         0x0000000000800536        0x4 /usr/lib/gcc/avr/7.3.0/../../../avr/lib/avr5/libc.a(utc_offset.o)
                0x0000000000800536                __utc_offset
 COMMON         0x000000000080053a        0x2 /usr/lib/gcc/avr/7.3.0/../../../avr/lib/avr5/libc.a(errno.o)
                0x000000000080053a                errno
 COMMON         0x000000000080053c        0x2 /usr/lib/gcc/avr/7.3.0/../../../avr/lib/avr5/libc.a(dst_pointer.o)
                0x000000000080053c                __dst_ptr
                0x000000000080053e                PROVIDE (__bss_end, .)
                0x0000000000006f86                __data_load_start = LOADADDR (.data)
                0x00000000000070b8                __data_load_end = (__data_load_start + SIZEOF (.data))

.noinit         0x000000000080053e        0x0
                [!provide]                        PROVIDE (__noinit_start, .)
 *(.noinit*)
                [!provide]                        PROVIDE (__noinit_end, .)
                0x000000000080053e                _end = .
                [!provide]                        PROVIDE (__heap_start, .)

.eeprom         0x0000000000810000        0x0
 *(.eeprom*)
                0x0000000000810000                __eeprom_end = .

.fuse
 *(.fuse)
 *(.lfuse)
 *(.hfuse)
 *(.efuse)

.lock
 *(.lock*)

.signature
 *(.signature*)

.user_signatures
 *(.user_signatures*)

.stab
 *(.stab)

.stabstr
 *(.stabstr)

.stab.excl
 *(.stab.excl)

.stab.exclstr
 *(.stab.exclstr)

.stab.index
 *(.stab.index)

.stab.indexstr
 *(.stab.indexstr)

.comment        0x0000000000000000       0x11
 *(.comment)
 .comment       0x0000000000000000       0x11 binaries/avr_serial.o
                                         0x12 (size before relaxing)
 .comment       0x0000000000000011       0x12 binaries/blink_avr.o
 .comment       0x0000000000000011       0x12 binaries/bufinit.o
 .comment       0x0000000000000011       0x12 binaries/clkhandler.o
 .comment       0x0000000000000011       0x12 binaries/clkinit.o
 .comment       0x0000000000000011       0x12 binaries/close.o
 .comment       0x0000000000000011       0x12 binaries/conf.o
 .comment       0x0000000000000011       0x12 binaries/control.o
 .comment       0x0000000000000011       0x12 binaries/create.o
 .comment       0x0000000000000011       0x12 binaries/evec.o
 .comment       0x0000000000000011       0x12 binaries/exit.o
 .comment       0x0000000000000011       0x12 binaries/freemem.o
 .comment       0x0000000000000011       0x12 binaries/getc.o
 .comment       0x0000000000000011       0x12 binaries/getitem.o
 .comment       0x0000000000000011       0x12 binaries/getpid.o
 .comment       0x0000000000000011       0x12 binaries/getstk.o
 .comment       0x0000000000000011       0x12 binaries/init.o
 .comment       0x0000000000000011       0x12 binaries/initialize.o
 .comment       0x0000000000000011       0x12 binaries/insert.o
 .comment       0x0000000000000011       0x12 binaries/insertd.o
 .comment       0x0000000000000011       0x12 binaries/intr.o
 .comment       0x0000000000000011       0x12 binaries/ioerr.o
 .comment       0x0000000000000011       0x12 binaries/ionull.o
 .comment       0x0000000000000011       0x12 binaries/kill.o
 .comment       0x0000000000000011       0x12 binaries/kprintf.o
 .comment       0x0000000000000011       0x12 binaries/meminit.o
 .comment       0x0000000000000011       0x12 binaries/newqueue.o
 .comment       0x0000000000000011       0x12 binaries/open.o
 .comment       0x0000000000000011       0x12 binaries/platinit.o
 .comment       0x0000000000000011       0x12 binaries/putc.o
 .comment       0x0000000000000011       0x12 binaries/queue.o
 .comment       0x0000000000000011       0x12 binaries/read.o
 .comment       0x0000000000000011       0x12 binaries/ready.o
 .comment       0x0000000000000011       0x12 binaries/receive.o
 .comment       0x0000000000000011       0x12 binaries/recvclr.o
 .comment       0x0000000000000011       0x12 binaries/resched.o
 .comment       0x0000000000000011       0x12 binaries/resume.o
 .comment       0x0000000000000011       0x12 binaries/semcount.o
 .comment       0x0000000000000011       0x12 binaries/semcreate.o
 .comment       0x0000000000000011       0x12 binaries/semreset.o
 .comment       0x0000000000000011       0x12 binaries/send.o
 .comment       0x0000000000000011       0x12 binaries/signal.o
 .comment       0x0000000000000011       0x12 binaries/signaln.o
 .comment       0x0000000000000011       0x12 binaries/sleep.o
 .comment       0x0000000000000011       0x12 binaries/unsleep.o
 .comment       0x0000000000000011       0x12 binaries/userret.o
 .comment       0x0000000000000011       0x12 binaries/wait.o
 .comment       0x0000000000000011       0x12 binaries/wakeup.o
 .comment       0x0000000000000011       0x12 binaries/xdone.o
 .comment       0x0000000000000011       0x12 binaries/yield.o
 .comment       0x0000000000000011       0x12 binaries/avr_gpio.o
 .comment       0x0000000000000011       0x12 binaries/avr_messages.o
 .comment       0x0000000000000011       0x12 binaries/avr_printf.o
 .comment       0x0000000000000011       0x12 binaries/change_proc_name.o
 .comment       0x0000000000000011       0x12 binaries/date.o
 .comment       0x0000000000000011       0x12 binaries/fprintf.o
 .comment       0x0000000000000011       0x12 binaries/printf.o
 .comment       0x0000000000000011       0x12 binaries/mount.o
 .comment       0x0000000000000011       0x12 binaries/naminit.o
 .comment       0x0000000000000011       0x12 binaries/nammap.o
 .comment       0x0000000000000011       0x12 binaries/namopen.o
 .comment       0x0000000000000011       0x12 binaries/ttycontrol.o
 .comment       0x0000000000000011       0x12 binaries/ttygetc.o
 .comment       0x0000000000000011       0x12 binaries/ttyhandle_in.o
 .comment       0x0000000000000011       0x12 binaries/ttyhandle_out.o
 .comment       0x0000000000000011       0x12 binaries/ttyhandler.o
 .comment       0x0000000000000011       0x12 binaries/ttyinit.o
 .comment       0x0000000000000011       0x12 binaries/ttykickout.o
 .comment       0x0000000000000011       0x12 binaries/ttyputc.o
 .comment       0x0000000000000011       0x12 binaries/ttyread.o
 .comment       0x0000000000000011       0x12 binaries/ttywrite.o
 .comment       0x0000000000000011       0x12 binaries/addargs.o
 .comment       0x0000000000000011       0x12 binaries/lexan.o
 .comment       0x0000000000000011       0x12 binaries/main.o
 .comment       0x0000000000000011       0x12 binaries/xsh_basic.o
 .comment       0x0000000000000011       0x12 binaries/xsh_cal.o
 .comment       0x0000000000000011       0x12 binaries/xsh_clear.o
 .comment       0x0000000000000011       0x12 binaries/xsh_date.o
 .comment       0x0000000000000011       0x12 binaries/xsh_echo.o
 .comment       0x0000000000000011       0x12 binaries/xsh_editor.o
 .comment       0x0000000000000011       0x12 binaries/xsh_forever.o
 .comment       0x0000000000000011       0x12 binaries/xsh_free.o
 .comment       0x0000000000000011       0x12 binaries/xsh_gpio.o
 .comment       0x0000000000000011       0x12 binaries/xsh_kill.o
 .comment       0x0000000000000011       0x12 binaries/xsh_memdump.o
 .comment       0x0000000000000011       0x12 binaries/xsh_ps.o
 .comment       0x0000000000000011       0x12 binaries/xsh_rd.o
 .comment       0x0000000000000011       0x12 binaries/xsh_reboot.o
 .comment       0x0000000000000011       0x12 binaries/xsh_sleep.o
 .comment       0x0000000000000011       0x12 binaries/xsh_uptime.o
 .comment       0x0000000000000011       0x12 binaries/xsh_wr.o
 .comment       0x0000000000000011       0x12 /usr/lib/gcc/avr/7.3.0/../../../avr/lib/avr5/libc.a(rand.o)
 .comment       0x0000000000000011       0x12 /usr/lib/gcc/avr/7.3.0/../../../avr/lib/avr5/libc.a(strtoul.o)
 .comment       0x0000000000000011       0x12 /usr/lib/gcc/avr/7.3.0/../../../avr/lib/avr5/libc.a(vsnprintf.o)
 .comment       0x0000000000000011       0x12 /usr/lib/gcc/avr/7.3.0/../../../avr/lib/avr5/libc.a(asctime_r.o)
 .comment       0x0000000000000011       0x12 /usr/lib/gcc/avr/7.3.0/../../../avr/lib/avr5/libc.a(localtime_r.o)
 .comment       0x0000000000000011       0x12 /usr/lib/gcc/avr/7.3.0/../../../avr/lib/avr5/libc.a(mktime.o)
 .comment       0x0000000000000011       0x12 /usr/lib/gcc/avr/7.3.0/../../../avr/lib/avr5/libc.a(print_lz.o)
 .comment       0x0000000000000011       0x12 /usr/lib/gcc/avr/7.3.0/../../../avr/lib/avr5/libc.a(utc_offset.o)
 .comment       0x0000000000000011       0x12 /usr/lib/gcc/avr/7.3.0/../../../avr/lib/avr5/libc.a(vfprintf_std.o)
 .comment       0x0000000000000011       0x12 /usr/lib/gcc/avr/7.3.0/../../../avr/lib/avr5/libc.a(errno.o)
 .comment       0x0000000000000011       0x12 /usr/lib/gcc/avr/7.3.0/../../../avr/lib/avr5/libc.a(fputc.o)
 .comment       0x0000000000000011       0x12 /usr/lib/gcc/avr/7.3.0/../../../avr/lib/avr5/libc.a(dst_pointer.o)
 .comment       0x0000000000000011       0x12 /usr/lib/gcc/avr/7.3.0/../../../avr/lib/avr5/libc.a(gmtime_r.o)
 .comment       0x0000000000000011       0x12 /usr/lib/gcc/avr/7.3.0/../../../avr/lib/avr5/libc.a(mk_gmtime.o)
 .comment       0x0000000000000011       0x12 /usr/lib/gcc/avr/7.3.0/../../../avr/lib/avr5/libc.a(isLeap.o)

.note.gnu.avr.deviceinfo
                0x0000000000000000       0x40
 .note.gnu.avr.deviceinfo
                0x0000000000000000       0x40 /usr/lib/gcc/avr/7.3.0/../../../avr/lib/avr5/crtatmega328p.o

.note.gnu.build-id
 *(.note.gnu.build-id)

.debug
 *(.debug)

.line
 *(.line)

.debug_srcinfo
 *(.debug_srcinfo)

.debug_sfnames
 *(.debug_sfnames)

.debug_aranges
 *(.debug_aranges)

.debug_pubnames
 *(.debug_pubnames)

.debug_info     0x0000000000000000      0x5f4
 *(.debug_info .gnu.linkonce.wi.*)
 .debug_info    0x0000000000000000      0x5f4 /usr/lib/gcc/avr/7.3.0/../../../avr/lib/avr5/crtatmega328p.o

.debug_abbrev   0x0000000000000000      0x5a2
 *(.debug_abbrev)
 .debug_abbrev  0x0000000000000000      0x5a2 /usr/lib/gcc/avr/7.3.0/../../../avr/lib/avr5/crtatmega328p.o

.debug_line     0x0000000000000000       0x1a
 *(.debug_line .debug_line.* .debug_line_end)
 .debug_line    0x0000000000000000       0x1a /usr/lib/gcc/avr/7.3.0/../../../avr/lib/avr5/crtatmega328p.o

.debug_frame
 *(.debug_frame)

.debug_str      0x0000000000000000      0x208
 *(.debug_str)
 .debug_str     0x0000000000000000      0x208 /usr/lib/gcc/avr/7.3.0/../../../avr/lib/avr5/crtatmega328p.o

.debug_loc
 *(.debug_loc)

.debug_macinfo
 *(.debug_macinfo)

.debug_weaknames
 *(.debug_weaknames)

.debug_funcnames
 *(.debug_funcnames)

.debug_typenames
 *(.debug_typenames)

.debug_varnames
 *(.debug_varnames)

.debug_pubtypes
 *(.debug_pubtypes)

.debug_ranges
 *(.debug_ranges)

.debug_macro
 *(.debug_macro)
OUTPUT(../compile/sys1.elf elf32-avr)
LOAD linker stubs
